// Jest Snapshot v1, https://goo.gl/fbAQLP

exports[`data experience html corresponds to snapshot 1`] = `
"<div lang=\\"en\\">
  <vspeeddial direction=\\"top\\" transition=\\"slide-y-reverse-transition\\" fixed=\\"\\" style=\\"z-index: 100; bottom: 8px; right: 8px;\\">
    <vtooltip left=\\"true\\"> <span>Clear all</span></vtooltip>
    <vtooltip left=\\"true\\" fab=\\"\\" dark=\\"\\" small=\\"\\" color=\\"blue darken-2\\" tooltip=\\"Share\\" vbtn-class=\\"\\"> <span>Share</span></vtooltip>
    <vmenu offset-y=\\"\\" absolute=\\"\\">
      <vlist>
        <vlistitemgroup>
          <vlistitem>
            <vlistitemtitle>English</vlistitemtitle>
          </vlistitem>
          <vlistitem>
            <vlistitemtitle>Fran√ßais</vlistitemtitle>
          </vlistitem>
        </vlistitemgroup>
      </vlist>
    </vmenu>
  </vspeeddial>
  <vwindow class=\\"v-window--main\\">
    <div data-id=\\"window-load-data\\">
      <vwindowitem value=\\"load-data\\">
        <vcontainer>
          <vcard flat=\\"\\" class=\\"pa-2\\">
            <vcardtitle class=\\"text-h5 font-weight-bold justify-center mb-3\\">

            </vcardtitle>
            <vcardtext>
              <vrow>
                <vcol align=\\"center\\">
                  <p class=\\"body-1\\">

                  </p>
                  <p class=\\"body-1\\"></p>
                  <p class=\\"disclaimer\\">

                  </p>
                </vcol>
              </vrow>
              <vrow>
                <vcol align=\\"center\\">
                  <div>
                    <!---->
                    <vrow>
                      <vcol align=\\"center\\">
                        <div>
                          <div class=\\"uppy-Root\\" dir=\\"ltr\\">
                            <div class=\\"uppy-Dashboard uppy-Dashboard--animateOpenClose\\" data-uppy-theme=\\"light\\" data-uppy-num-acquirers=\\"0\\" data-uppy-drag-drop-supported=\\"true\\" aria-hidden=\\"false\\" aria-disabled=\\"false\\" aria-label=\\"Uppy Dashboard\\">
                              <div aria-hidden=\\"true\\" class=\\"uppy-Dashboard-overlay\\" tabindex=\\"-1\\"></div>
                              <div class=\\"uppy-Dashboard-inner\\" aria-modal=\\"false\\" style=\\"width: 750px; height: 300px;\\">
                                <div class=\\"uppy-Dashboard-innerWrap\\">
                                  <div class=\\"uppy-Dashboard-dropFilesHereHint\\">Drop your files here</div>
                                  <div class=\\"uppy-Dashboard-AddFiles\\"><input class=\\"uppy-Dashboard-input\\" hidden=\\"\\" aria-hidden=\\"true\\" tabindex=\\"-1\\" type=\\"file\\" name=\\"files[]\\" multiple=\\"\\" accept=\\"\\"><input class=\\"uppy-Dashboard-input\\" hidden=\\"\\" aria-hidden=\\"true\\" tabindex=\\"-1\\" webkitdirectory=\\"true\\" type=\\"file\\" name=\\"files[]\\" multiple=\\"\\" accept=\\"\\">
                                    <div class=\\"uppy-Dashboard-AddFiles-title\\">Drop files here or <button type=\\"button\\" class=\\"uppy-u-reset uppy-Dashboard-browse\\" data-uppy-super-focusable=\\"true\\">browse files</button></div>
                                    <div class=\\"uppy-Dashboard-AddFiles-info\\"></div>
                                  </div>
                                  <div class=\\"uppy-Dashboard-progressindicators\\"></div>
                                </div>
                              </div>
                            </div>
                          </div>
                        </div>
                      </vcol>
                    </vrow>
                    <vrow>
                      <vcol class=\\"d-flex align-center justify-center\\">
                        <div class=\\"unit-files__decrypt-button\\">
                          <vdialog width=\\"500\\" scrollable=\\"\\" style=\\"z-index: 2000;\\">
                            <vcard>
                              <vcardtitle></vcardtitle>
                              <vdivider></vdivider>
                              <vcardtext>
                                <vtextfield clearable=\\"\\"></vtextfield>
                                <vtextfield clearable=\\"\\"></vtextfield>
                              </vcardtext>
                              <vdivider></vdivider>
                              <vcardactions>
                                <vspacer></vspacer>
                                <vbtn color=\\"primary\\" text=\\"\\">
                                  Close
                                </vbtn>
                              </vcardactions>
                            </vcard>
                          </vdialog>
                        </div>
                        <div class=\\"unit-files__explore-button\\">
                          <vtooltip disabled=\\"disabled\\" left=\\"true\\" class=\\"my-sm-2 mr-sm-4\\"> <span></span></vtooltip>
                        </div>
                        <div class=\\"unit-files__files-button\\">
                          <div class=\\"files-dialog\\">
                            <vdialog width=\\"500\\" scrollable=\\"\\" style=\\"z-index: 2000;\\">
                              <vcard>
                                <vcardtitle></vcardtitle>
                                <vdivider></vdivider>
                                <vcardtext>
                                  <p class=\\"mt-4\\">

                                  </p>
                                  <p class=\\"mt-4\\">

                                    <vicon>$vuetify.icons.mdiFileMultipleOutline</vicon>

                                  </p>
                                </vcardtext>
                                <vdivider></vdivider>
                                <vcardactions>
                                  <vspacer></vspacer>
                                  <vbtn color=\\"primary\\" text=\\"\\">
                                    Close
                                  </vbtn>
                                </vcardactions>
                              </vcard>
                            </vdialog>
                          </div>
                        </div>
                      </vcol>
                    </vrow>
                    <vrow>
                      <vcol>
                        <!---->
                      </vcol>
                    </vrow>
                  </div>
                </vcol>
              </vrow>
            </vcardtext>
          </vcard>
          <!---->
        </vcontainer>
      </vwindowitem>
    </div>
    <div data-id=\\"window-file-explorer\\">
      <vwindowitem value=\\"file-explorer\\" disabled=\\"disabled\\">
        <!---->
        <!---->
      </vwindowitem>
    </div>
    <div data-id=\\"window-understand-data\\">
      <!---->
    </div>
  </vwindow>
  <vbottomnavigation color=\\"secondary\\" app=\\"\\">
    <vtooltip disabled=\\"disabled\\" top=\\"true\\"> <span></span></vtooltip>
    <vtooltip disabled=\\"disabled\\" top=\\"true\\"> <span></span></vtooltip>
    <vtooltip disabled=\\"disabled\\" top=\\"true\\"> <span></span></vtooltip>
  </vbottomnavigation>
</div>"
`;
